// Jest Snapshot v1, https://goo.gl/fbAQLP

exports[`snapshot test Component correctly renders 1`] = `
<div
  className="track"
>
  <div
    className="game__answer"
  >
    <input
      className="game__input visually-hidden"
      id="answer-0"
      name="answer"
      onChange={[MockFunction]}
      type="checkbox"
      value="rock-0"
    />
    <label
      className="game__check"
      htmlFor="answer-0"
    >
      Отметить
    </label>
  </div>
</div>
`;
