// Jest Snapshot v1, https://goo.gl/fbAQLP

exports[`snapshot test Component correctly renders 1`] = `
<section
  className="result"
>
  <div
    className="result__logo"
  >
    <img
      alt="Угадай мелодию"
      height={83}
      src="img/melody-logo.png"
      width={186}
    />
  </div>
  <h2
    className="result__title"
  >
    Вы настоящий меломан!
  </h2>
  <p
    className="result__total"
  >
    Вы играли 
    04:10
     и набрали 
     баллов (
     быстрых ответов), совершив 
    1
     ошибки
  </p>
</section>
`;
