// Jest Snapshot v1, https://goo.gl/fbAQLP

exports[`snapshot test Component correctly renders 1`] = `
<section
  className="result"
>
  <div
    className="result__logo"
  >
    <img
      alt="Угадай мелодию"
      height="83"
      src="img/melody-logo.png"
      width="186"
    />
  </div>
  <h2
    className="result__title"
  >
    Какая жалость!
  </h2>
  <p
    className="result__total result__total--fail"
  >
    Время вышло! Вы не успели отгадать все мелодии
  </p>
</section>
`;
