// Jest Snapshot v1, https://goo.gl/fbAQLP

exports[`snapshot test Component correctly renders 1`] = `
Array [
  <button
    className="track__button track__button--play"
    disabled={false}
    onClick={[Function]}
    type="button"
  />,
  <div
    className="track__status"
  >
    <audio
      loop={true}
    />
  </div>,
]
`;
